Supabase client initialized
[INFO] [requeueWorker] started
Serving frontend from C:\Users\jogod\crm-backend\frontend\dist
[INFO] [REQ] POST /admin/login {
  requestId: 'd224a485-f59e-490a-b6bf-fa366883a79c',
  ip: '::ffff:127.0.0.1'
}
[Auth] Login attempt: {
  email: 'admin@propulse.com',
  hasPassword: true,
  contentType: 'application/json'
}
[INFO] [RES] POST /admin/login {
  requestId: 'd224a485-f59e-490a-b6bf-fa366883a79c',
  status: 200,
  duration: 1297,
  unitId: 'anon',
  userId: 'anon'
}
[INFO] [REQ] GET /admin/units {
  requestId: 'c9f756eb-6705-4dba-81ab-d5f5d5a066e9',
  ip: '::ffff:127.0.0.1'
}
[SECURITY] Auth Failed: unknown - Invalid or expired token
[INFO] [RES] GET /admin/units {
  requestId: 'c9f756eb-6705-4dba-81ab-d5f5d5a066e9',
  status: 401,
  duration: 2,
  unitId: 'anon',
  userId: 'anon'
}
ÔûÂ Evolution WhatsApp Integration E2E
  Ô£û 1. Should connect WhatsApp (Gen QR)
  Ô£û 2. Should Request QR Code explicitly
  Ô£û 3. Should Handle status webhook (Connected)
  Ô£û 4. Should Send Outbound Message
  Ô£û 5. Should Receive Inbound Message
  Ô£û 6. Should Create and Dispatch Campaign
Ô£û Evolution WhatsApp Integration E2E (2360.5279ms)
[INFO] Flushing metrics to DB...
[ERROR] Metrics flush failed for anon: invalid input syntax for type uuid: "anon"
